Archive member included because of file (symbol)

d:/winavr-20100110/bin/../lib/gcc/avr/4.3.3/avr25\libgcc.a(_exit.o)
                              d:/winavr-20100110/bin/../lib/gcc/avr/4.3.3/../../../../avr/lib/avr25/crttn45.o (exit)
d:/winavr-20100110/bin/../lib/gcc/avr/4.3.3/avr25\libgcc.a(_copy_data.o)
                              main.o (__do_copy_data)
d:/winavr-20100110/bin/../lib/gcc/avr/4.3.3/avr25\libgcc.a(_clear_bss.o)
                              main.o (__do_clear_bss)
d:/winavr-20100110/bin/../lib/gcc/avr/4.3.3/../../../../avr/lib/avr25\libc.a(eerd_byte_attiny45.o)
                              main.o (__eerd_byte_tn45)
d:/winavr-20100110/bin/../lib/gcc/avr/4.3.3/../../../../avr/lib/avr25\libc.a(eewr_byte_attiny45.o)
                              usbdrv.o (__eewr_byte_tn45)

Allocating common symbols
Common symbol       size              file

usbTxBuf            0xb               usbdrv.o
usbTxStatus1        0xc               usbdrv.o
usbDeviceAddr       0x1               usbdrv.o
usbRxToken          0x1               usbdrv.o
usbInputBufOffset   0x1               usbdrv.o
usbMsgPtr           0x2               usbdrv.o
usbRxLen            0x1               usbdrv.o
usbNewDeviceAddr    0x1               usbdrv.o
usbCurrentTok       0x1               usbdrv.o
usbConfiguration    0x1               usbdrv.o
usbRxBuf            0x16              usbdrv.o

Memory Configuration

Name             Origin             Length             Attributes
text             0x00000000         0x00002000         xr
data             0x00800060         0x0000ffa0         rw !x
eeprom           0x00810000         0x00010000         rw !x
fuse             0x00820000         0x00000400         rw !x
lock             0x00830000         0x00000400         rw !x
signature        0x00840000         0x00000400         rw !x
*default*        0x00000000         0xffffffff

Linker script and memory map

LOAD d:/winavr-20100110/bin/../lib/gcc/avr/4.3.3/../../../../avr/lib/avr25/crttn45.o
LOAD main.o
LOAD oddebug.o
LOAD usbdrv.o
LOAD usbdrvasm.o
LOAD i2cmaster.o
LOAD osccal.o
LOAD d:/winavr-20100110/bin/../lib/gcc/avr/4.3.3/avr25\libgcc.a
LOAD d:/winavr-20100110/bin/../lib/gcc/avr/4.3.3/../../../../avr/lib/avr25\libc.a
LOAD d:/winavr-20100110/bin/../lib/gcc/avr/4.3.3/avr25\libgcc.a

.hash
 *(.hash)

.dynsym
 *(.dynsym)

.dynstr
 *(.dynstr)

.gnu.version
 *(.gnu.version)

.gnu.version_d
 *(.gnu.version_d)

.gnu.version_r
 *(.gnu.version_r)

.rel.init
 *(.rel.init)

.rela.init
 *(.rela.init)

.rel.text
 *(.rel.text)
 *(.rel.text.*)
 *(.rel.gnu.linkonce.t*)

.rela.text
 *(.rela.text)
 *(.rela.text.*)
 *(.rela.gnu.linkonce.t*)

.rel.fini
 *(.rel.fini)

.rela.fini
 *(.rela.fini)

.rel.rodata
 *(.rel.rodata)
 *(.rel.rodata.*)
 *(.rel.gnu.linkonce.r*)

.rela.rodata
 *(.rela.rodata)
 *(.rela.rodata.*)
 *(.rela.gnu.linkonce.r*)

.rel.data
 *(.rel.data)
 *(.rel.data.*)
 *(.rel.gnu.linkonce.d*)

.rela.data
 *(.rela.data)
 *(.rela.data.*)
 *(.rela.gnu.linkonce.d*)

.rel.ctors
 *(.rel.ctors)

.rela.ctors
 *(.rela.ctors)

.rel.dtors
 *(.rel.dtors)

.rela.dtors
 *(.rela.dtors)

.rel.got
 *(.rel.got)

.rela.got
 *(.rela.got)

.rel.bss
 *(.rel.bss)

.rela.bss
 *(.rela.bss)

.rel.plt
 *(.rel.plt)

.rela.plt
 *(.rela.plt)

.text           0x00000000      0x9be
 *(.vectors)
 .vectors       0x00000000       0x1e d:/winavr-20100110/bin/../lib/gcc/avr/4.3.3/../../../../avr/lib/avr25/crttn45.o
                0x00000000                __vectors
                0x00000000                __vector_default
 *(.vectors)
 *(.progmem.gcc*)
 *(.progmem*)
 .progmem.data  0x0000001e       0x56 main.o
                0x0000001e                usbDescriptorHidReport
 .progmem.data  0x00000074       0x5e usbdrv.o
                0x0000009e                usbDescriptorDevice
                0x00000074                usbDescriptorString0
                0x000000b0                usbDescriptorConfiguration
                0x00000078                usbDescriptorStringVendor
                0x0000008a                usbDescriptorStringDevice
                0x000000d2                . = ALIGN (0x2)
                0x000000d2                __trampolines_start = .
 *(.trampolines)
 .trampolines   0x000000d2        0x0 linker stubs
 *(.trampolines*)
                0x000000d2                __trampolines_end = .
 *(.jumptables)
 *(.jumptables*)
 *(.lowtext)
 *(.lowtext*)
                0x000000d2                __ctors_start = .
 *(.ctors)
                0x000000d2                __ctors_end = .
                0x000000d2                __dtors_start = .
 *(.dtors)
                0x000000d2                __dtors_end = .
 SORT(*)(.ctors)
 SORT(*)(.dtors)
 *(.init0)
 .init0         0x000000d2        0x0 d:/winavr-20100110/bin/../lib/gcc/avr/4.3.3/../../../../avr/lib/avr25/crttn45.o
                0x000000d2                __init
 *(.init0)
 *(.init1)
 *(.init1)
 *(.init2)
 .init2         0x000000d2        0xc d:/winavr-20100110/bin/../lib/gcc/avr/4.3.3/../../../../avr/lib/avr25/crttn45.o
 *(.init2)
 *(.init3)
 *(.init3)
 *(.init4)
 .init4         0x000000de       0x16 d:/winavr-20100110/bin/../lib/gcc/avr/4.3.3/avr25\libgcc.a(_copy_data.o)
                0x000000de                __do_copy_data
 .init4         0x000000f4       0x10 d:/winavr-20100110/bin/../lib/gcc/avr/4.3.3/avr25\libgcc.a(_clear_bss.o)
                0x000000f4                __do_clear_bss
 *(.init4)
 *(.init5)
 *(.init5)
 *(.init6)
 *(.init6)
 *(.init7)
 *(.init7)
 *(.init8)
 *(.init8)
 *(.init9)
 .init9         0x00000104        0x4 d:/winavr-20100110/bin/../lib/gcc/avr/4.3.3/../../../../avr/lib/avr25/crttn45.o
 *(.init9)
 *(.text)
 .text          0x00000108        0x2 d:/winavr-20100110/bin/../lib/gcc/avr/4.3.3/../../../../avr/lib/avr25/crttn45.o
                0x00000108                __vector_12
                0x00000108                __bad_interrupt
                0x00000108                __vector_6
                0x00000108                __vector_3
                0x00000108                __vector_11
                0x00000108                __vector_13
                0x00000108                __vector_7
                0x00000108                __vector_5
                0x00000108                __vector_4
                0x00000108                __vector_9
                0x00000108                __vector_2
                0x00000108                __vector_8
                0x00000108                __vector_14
                0x00000108                __vector_10
 .text          0x0000010a      0x148 main.o
                0x0000010a                usbFunctionSetup
                0x00000130                main
                0x00000214                usbFunctionRead
                0x000001dc                usbFunctionWrite
 .text          0x00000252        0x0 oddebug.o
 .text          0x00000252      0x2dc usbdrv.o
                0x000002ae                usbPoll
                0x0000026c                usbSetInterrupt
                0x00000252                usbInit
 .text          0x0000052e      0x314 usbdrvasm.o
                0x00000586                __vector_1
                0x0000052e                usbCrc16
                0x00000558                usbCrc16Append
                0x00000560                usbMeasureFrameLength
 .text          0x00000842       0xca i2cmaster.o
                0x00000898                i2c_write
                0x000008d0                i2c_readNak
                0x000008d4                i2c_readAck
                0x00000860                i2c_rep_start
                0x00000858                i2c_start
                0x00000842                i2c_delay_T2
                0x00000888                i2c_stop
                0x000008d6                i2c_read
                0x00000874                i2c_start_wait
                0x0000084e                i2c_init
 .text          0x0000090c       0x82 osccal.o
                0x0000090c                calibrateOscillator
 .text          0x0000098e        0x0 d:/winavr-20100110/bin/../lib/gcc/avr/4.3.3/avr25\libgcc.a(_exit.o)
 .text          0x0000098e        0x0 d:/winavr-20100110/bin/../lib/gcc/avr/4.3.3/avr25\libgcc.a(_copy_data.o)
 .text          0x0000098e        0x0 d:/winavr-20100110/bin/../lib/gcc/avr/4.3.3/avr25\libgcc.a(_clear_bss.o)
 .text          0x0000098e        0x0 d:/winavr-20100110/bin/../lib/gcc/avr/4.3.3/../../../../avr/lib/avr25\libc.a(eerd_byte_attiny45.o)
 .text          0x0000098e        0x0 d:/winavr-20100110/bin/../lib/gcc/avr/4.3.3/../../../../avr/lib/avr25\libc.a(eewr_byte_attiny45.o)
                0x0000098e                . = ALIGN (0x2)
 *(.text.*)
 .text.libgcc   0x0000098e        0x0 d:/winavr-20100110/bin/../lib/gcc/avr/4.3.3/avr25\libgcc.a(_exit.o)
 .text.libgcc   0x0000098e        0x0 d:/winavr-20100110/bin/../lib/gcc/avr/4.3.3/avr25\libgcc.a(_copy_data.o)
 .text.libgcc   0x0000098e        0x0 d:/winavr-20100110/bin/../lib/gcc/avr/4.3.3/avr25\libgcc.a(_clear_bss.o)
 .text.avr-libc
                0x0000098e       0x10 d:/winavr-20100110/bin/../lib/gcc/avr/4.3.3/../../../../avr/lib/avr25\libc.a(eerd_byte_attiny45.o)
                0x0000098e                __eerd_byte_tn45
 .text.avr-libc
                0x0000099e       0x1c d:/winavr-20100110/bin/../lib/gcc/avr/4.3.3/../../../../avr/lib/avr25\libc.a(eewr_byte_attiny45.o)
                0x000009a0                __eewr_r18_tn45
                0x0000099e                __eewr_byte_tn45
                0x000009ba                . = ALIGN (0x2)
 *(.fini9)
 .fini9         0x000009ba        0x0 d:/winavr-20100110/bin/../lib/gcc/avr/4.3.3/avr25\libgcc.a(_exit.o)
                0x000009ba                exit
                0x000009ba                _exit
 *(.fini9)
 *(.fini8)
 *(.fini8)
 *(.fini7)
 *(.fini7)
 *(.fini6)
 *(.fini6)
 *(.fini5)
 *(.fini5)
 *(.fini4)
 *(.fini4)
 *(.fini3)
 *(.fini3)
 *(.fini2)
 *(.fini2)
 *(.fini1)
 *(.fini1)
 *(.fini0)
 .fini0         0x000009ba        0x4 d:/winavr-20100110/bin/../lib/gcc/avr/4.3.3/avr25\libgcc.a(_exit.o)
 *(.fini0)
                0x000009be                _etext = .

.data           0x00800060        0xc load address 0x000009be
                0x00800060                PROVIDE (__data_start, .)
 *(.data)
 .data          0x00800060        0x0 d:/winavr-20100110/bin/../lib/gcc/avr/4.3.3/../../../../avr/lib/avr25/crttn45.o
 .data          0x00800060        0x9 main.o
                0x00800060                keys
 .data          0x00800069        0x0 oddebug.o
 .data          0x00800069        0x2 usbdrv.o
                0x00800069                usbTxLen
 .data          0x0080006b        0x0 usbdrvasm.o
 .data          0x0080006b        0x0 i2cmaster.o
 .data          0x0080006b        0x0 osccal.o
 .data          0x0080006b        0x0 d:/winavr-20100110/bin/../lib/gcc/avr/4.3.3/avr25\libgcc.a(_exit.o)
 .data          0x0080006b        0x0 d:/winavr-20100110/bin/../lib/gcc/avr/4.3.3/avr25\libgcc.a(_copy_data.o)
 .data          0x0080006b        0x0 d:/winavr-20100110/bin/../lib/gcc/avr/4.3.3/avr25\libgcc.a(_clear_bss.o)
 .data          0x0080006b        0x0 d:/winavr-20100110/bin/../lib/gcc/avr/4.3.3/../../../../avr/lib/avr25\libc.a(eerd_byte_attiny45.o)
 .data          0x0080006b        0x0 d:/winavr-20100110/bin/../lib/gcc/avr/4.3.3/../../../../avr/lib/avr25\libc.a(eewr_byte_attiny45.o)
 *(.data*)
 *(.rodata)
 *(.rodata*)
 *(.gnu.linkonce.d*)
                0x0080006c                . = ALIGN (0x2)
 *fill*         0x0080006b        0x1 00
                0x0080006c                _edata = .
                0x0080006c                PROVIDE (__data_end, .)

.bss            0x0080006c       0x4a
                0x0080006c                PROVIDE (__bss_start, .)
 *(.bss)
 .bss           0x0080006c        0x0 d:/winavr-20100110/bin/../lib/gcc/avr/4.3.3/../../../../avr/lib/avr25/crttn45.o
 .bss           0x0080006c       0x12 main.o
                0x0080006c                rx_check_byte
                0x0080006e                tmp
                0x00800072                flag
                0x00800070                temp
                0x0080006d                action
 .bss           0x0080007e        0x0 oddebug.o
 .bss           0x0080007e        0x2 usbdrv.o
 .bss           0x00800080        0x0 usbdrvasm.o
 .bss           0x00800080        0x0 i2cmaster.o
 .bss           0x00800080        0x0 osccal.o
 .bss           0x00800080        0x0 d:/winavr-20100110/bin/../lib/gcc/avr/4.3.3/avr25\libgcc.a(_exit.o)
 .bss           0x00800080        0x0 d:/winavr-20100110/bin/../lib/gcc/avr/4.3.3/avr25\libgcc.a(_copy_data.o)
 .bss           0x00800080        0x0 d:/winavr-20100110/bin/../lib/gcc/avr/4.3.3/avr25\libgcc.a(_clear_bss.o)
 .bss           0x00800080        0x0 d:/winavr-20100110/bin/../lib/gcc/avr/4.3.3/../../../../avr/lib/avr25\libc.a(eerd_byte_attiny45.o)
 .bss           0x00800080        0x0 d:/winavr-20100110/bin/../lib/gcc/avr/4.3.3/../../../../avr/lib/avr25\libc.a(eewr_byte_attiny45.o)
 *(.bss*)
 *(COMMON)
 COMMON         0x00800080       0x36 usbdrv.o
                0x00800080                usbTxBuf
                0x0080008b                usbTxStatus1
                0x00800097                usbDeviceAddr
                0x00800098                usbRxToken
                0x00800099                usbInputBufOffset
                0x0080009a                usbMsgPtr
                0x0080009c                usbRxLen
                0x0080009d                usbNewDeviceAddr
                0x0080009e                usbCurrentTok
                0x0080009f                usbConfiguration
                0x008000a0                usbRxBuf
                0x008000b6                PROVIDE (__bss_end, .)
                0x000009be                __data_load_start = LOADADDR (.data)
                0x000009ca                __data_load_end = (__data_load_start + SIZEOF (.data))

.noinit         0x008000b6        0x0
                0x008000b6                PROVIDE (__noinit_start, .)
 *(.noinit*)
                0x008000b6                PROVIDE (__noinit_end, .)
                0x008000b6                _end = .
                0x008000b6                PROVIDE (__heap_start, .)

.eeprom         0x00810000        0x0
 *(.eeprom*)
                0x00810000                __eeprom_end = .

.fuse
 *(.fuse)
 *(.lfuse)
 *(.hfuse)
 *(.efuse)

.lock
 *(.lock*)

.signature
 *(.signature*)

.stab
 *(.stab)

.stabstr
 *(.stabstr)

.stab.excl
 *(.stab.excl)

.stab.exclstr
 *(.stab.exclstr)

.stab.index
 *(.stab.index)

.stab.indexstr
 *(.stab.indexstr)

.comment
 *(.comment)

.debug
 *(.debug)

.line
 *(.line)

.debug_srcinfo
 *(.debug_srcinfo)

.debug_sfnames
 *(.debug_sfnames)

.debug_aranges  0x00000000       0xa0
 *(.debug_aranges)
 .debug_aranges
                0x00000000       0x20 main.o
 .debug_aranges
                0x00000020       0x20 usbdrv.o
 .debug_aranges
                0x00000040       0x20 usbdrvasm.o
 .debug_aranges
                0x00000060       0x20 i2cmaster.o
 .debug_aranges
                0x00000080       0x20 osccal.o

.debug_pubnames
                0x00000000      0x26e
 *(.debug_pubnames)
 .debug_pubnames
                0x00000000       0xb4 main.o
 .debug_pubnames
                0x000000b4      0x190 usbdrv.o
 .debug_pubnames
                0x00000244       0x2a osccal.o

.debug_info     0x00000000      0xf6f
 *(.debug_info)
 .debug_info    0x00000000      0x43d main.o
 .debug_info    0x0000043d       0x61 oddebug.o
 .debug_info    0x0000049e      0x927 usbdrv.o
 .debug_info    0x00000dc5       0x6d usbdrvasm.o
 .debug_info    0x00000e32       0x70 i2cmaster.o
 .debug_info    0x00000ea2       0xcd osccal.o
 *(.gnu.linkonce.wi.*)

.debug_abbrev   0x00000000      0x5af
 *(.debug_abbrev)
 .debug_abbrev  0x00000000      0x222 main.o
 .debug_abbrev  0x00000222       0x33 oddebug.o
 .debug_abbrev  0x00000255      0x2bf usbdrv.o
 .debug_abbrev  0x00000514       0x14 usbdrvasm.o
 .debug_abbrev  0x00000528       0x14 i2cmaster.o
 .debug_abbrev  0x0000053c       0x73 osccal.o

.debug_line     0x00000000      0xaf4
 *(.debug_line)
 .debug_line    0x00000000      0x342 main.o
 .debug_line    0x00000342       0x3e oddebug.o
 .debug_line    0x00000380      0x3fe usbdrv.o
 .debug_line    0x0000077e      0x1f5 usbdrvasm.o
 .debug_line    0x00000973       0xb8 i2cmaster.o
 .debug_line    0x00000a2b       0xc9 osccal.o

.debug_frame    0x00000000       0xb0
 *(.debug_frame)
 .debug_frame   0x00000000       0x50 main.o
 .debug_frame   0x00000050       0x40 usbdrv.o
 .debug_frame   0x00000090       0x20 osccal.o

.debug_str      0x00000000      0x536
 *(.debug_str)
 .debug_str     0x00000000      0x20f main.o
                                0x251 (size before relaxing)
 .debug_str     0x0000020f       0x14 oddebug.o
                                 0xb8 (size before relaxing)
 .debug_str     0x00000223      0x2b3 usbdrv.o
                                0x411 (size before relaxing)
 .debug_str     0x000004d6       0x60 osccal.o
                                0x104 (size before relaxing)

.debug_loc      0x00000000      0x5ab
 *(.debug_loc)
 .debug_loc     0x00000000      0x107 main.o
 .debug_loc     0x00000107      0x3f5 usbdrv.o
 .debug_loc     0x000004fc       0xaf osccal.o

.debug_macinfo
 *(.debug_macinfo)
OUTPUT(autohome.elf elf32-avr)
LOAD linker stubs

.debug_ranges   0x00000000       0x68
 .debug_ranges  0x00000000       0x18 main.o
 .debug_ranges  0x00000018       0x50 usbdrv.o
